2012-10-07 15:31:19 INFO     mylogger        test
